// Jest Snapshot v1, https://goo.gl/fbAQLP

exports[`Components snapshots renders the FrontPage correctly 1`] = `
.c19 {
  color: snow;
  font-weight: bold;
  text-decoration: none;
}

.c19:hover {
  color: #dadada;
  text-decoration: underline;
}

.c4 {
  margin: 0 auto;
  width: 980px;
}

.c0 {
  margin-bottom: 10rem;
  -webkit-user-select: initial;
  -moz-user-select: initial;
  -ms-user-select: initial;
  user-select: initial;
}

.c17 {
  display: -webkit-box;
  display: -webkit-flex;
  display: -ms-flexbox;
  display: flex;
  -webkit-box-pack: space-between;
  -webkit-justify-content: space-between;
  -ms-flex-pack: space-between;
  justify-content: space-between;
}

.c16 {
  -webkit-align-items: center;
  -webkit-box-align: center;
  -ms-flex-align: center;
  align-items: center;
  background: #428bca;
  color: white;
  display: -webkit-box;
  display: -webkit-flex;
  display: -ms-flexbox;
  display: flex;
  bottom: 0;
  height: 10rem;
  margin: 0;
  position: fixed;
  width: 100%;
  z-index: -1;
}

.c3 {
  -webkit-align-items: center;
  -webkit-box-align: center;
  -ms-flex-align: center;
  align-items: center;
  display: -webkit-box;
  display: -webkit-flex;
  display: -ms-flexbox;
  display: flex;
  min-height: 300px;
  padding: 5rem;
}

.c2 {
  color: white;
  -webkit-box-pack: end;
  -webkit-justify-content: flex-end;
  -ms-flex-pack: end;
  justify-content: flex-end;
  margin: 0;
}

.c2 > img {
  filter: drop-shadow(2px 2px 2px rgba(0, 0, 0, 0.5));
}

.c1 {
  background: #d9534f;
}

.c9 {
  background: #5cb85c;
}

.c6 {
  background: white;
  box-shadow: 0 0 4px 4px rgba(85, 95, 110, 0.4);
  -webkit-box-pack: start;
  -webkit-justify-content: flex-start;
  -ms-flex-pack: start;
  justify-content: flex-start;
  position: relative;
  z-index: 1;
}

.c6 > img {
  filter: drop-shadow(-2px 2px 2px rgba(0, 0, 0, 0.5));
}

.c5 {
  font-size: 4.5em;
  font-weight: 200;
  margin: 0;
  text-shadow: 5px 5px #be2f2b;
}

.c8 {
  font-family: 'Open Sans Condensed', sans-serif;
  font-size: 2em;
  font-weight: lighter;
  padding: 0 0.5em;
  width: 42%;
}

<div
  className="c0"
>
  <div>
    <div
      className="c1 c2 c3"
    >
      <div
        className="c4"
      >
        <h1
          className="c5"
        >
          ¡Donde el código, la imaginación y la motivación se encuentran!
        </h1>
      </div>
    </div>
    <div
      className="c6 c3"
    >
      <img
        src="/images/logo.png"
      />
      <div
        className="c8"
      >
        Es una plataforma que presenta actividades escolares diseñadas para que sean divertidas y ayuden a afianzar los conocimientos de las distintas asignaturas a través de resolverlas de una manera diferente a como se aprenden en clase.
      </div>
    </div>
    <div
      className="c9 c2 c3"
    >
      <div
        className="c8"
      >
        Cada actividad está estructurada en niveles. Cada nivel representa un desafío y a medida que se avanza de nivel, más aumenta la dificultad.
      </div>
      <img
        src="/images/game-ss0.png"
      />
    </div>
    <div
      className="c6 c3"
    >
      <img
        src="/images/computer-thinking.png"
      />
      <div
        className="c8"
      >
        ¿Qué es el 
        <b>
          Pensamiento Computacional
        </b>
        ? Es un conjunto de habilidades que le permite a una persona poder resolver problemas aplicando los conceptos fundamentales de la ciencia de la computación.
      </div>
    </div>
  </div>
  <div
    className="c16"
  >
    <div
      className="c17 c4"
    >
      <span>
        Equipo de desarrollo de Códimo. 
        <a
          className="c19"
          href="https://www.unrn.edu.ar/"
          target="_blank"
        >
          UNRN
        </a>
        .
      </span>
      <span>
        Distribuído bajo licencia 
        <a
          className="c19"
          href="https://github.com/lgraziani2712/codimo/blob/master/LICENSE"
          target="_blank"
        >
          MIT
        </a>
        .
      </span>
    </div>
  </div>
</div>
`;

exports[`Components snapshots renders the GameContainer correctly 1`] = `
.c0 {
  -webkit-align-items: center;
  -webkit-box-align: center;
  -ms-flex-align: center;
  align-items: center;
  display: -webkit-box;
  display: -webkit-flex;
  display: -ms-flexbox;
  display: flex;
  height: 100%;
  -webkit-box-pack: center;
  -webkit-justify-content: center;
  -ms-flex-pack: center;
  justify-content: center;
  width: 100%;
}

.c0::before {
  background: url(/images/test-url.jpg) repeat;
  content: '';
  filter: contrast(65%) brightness(110%) saturate(75%) sepia(22%) grayscale(20%);
  height: 100%;
  position: absolute;
  top: 0;
  width: 100%;
  z-index: -1;
}

.c0::after {
  background: url(data:image/png;base64,iVBORw0KGgoAAAANSUhEUgAAAAQAAAAECAYAAACp8Z5+AAAAG0lEQVQIW2NkYGD4z8DAwMgABXAGNgGwSgwVAFbmAgXxvZSoAAAAAElFTkSuQmCC) repeat;
  content: '';
  height: 100%;
  position: absolute;
  top: 0;
  width: 100%;
  z-index: -1;
}

<div
  className="c0"
/>
`;
