// Jest Snapshot v1, https://goo.gl/fbAQLP

exports[`ui/Activity/components renders <BackgroundImage /> correctly 1`] = `
.c0 {
  -webkit-align-items: center;
  -webkit-box-align: center;
  -ms-flex-align: center;
  align-items: center;
  cursor: url(cursor.png) 4 0,auto;
  display: -webkit-box;
  display: -webkit-flex;
  display: -ms-flexbox;
  display: flex;
  height: 100%;
  -webkit-box-pack: center;
  -webkit-justify-content: center;
  -ms-flex-pack: center;
  justify-content: center;
  width: 100%;
}

.c0::before {
  background: url(/test.png) repeat;
  content: '';
  -webkit-filter: contrast(65%) brightness(110%) saturate(75%) sepia(22%) grayscale(20%);
  filter: contrast(65%) brightness(110%) saturate(75%) sepia(22%) grayscale(20%);
  height: 100%;
  position: absolute;
  top: 0;
  width: 100%;
  z-index: -1;
}

.c0::after {
  background: url(data:image/png;base64,iVBORw0KGgoAAAANSUhEUgAAAAQAAAAECAYAAACp8Z5+AAAAG0lEQVQIW2NkYGD4z8DAwMgABXAGNgGwSgwVAFbmAgXxvZSoAAAAAElFTkSuQmCC) repeat;
  content: '';
  height: 100%;
  position: absolute;
  top: 0;
  width: 100%;
  z-index: -1;
}

.c0 a,
.c0 button {
  cursor: url(pointer.png) 15 0,auto;
}

<div
  className="c0"
/>
`;

exports[`ui/Activity/components renders <TwoColumns /> correctly 1`] = `
.c0 {
  -webkit-align-items: flex-end;
  -webkit-box-align: flex-end;
  -ms-flex-align: flex-end;
  align-items: flex-end;
  display: -webkit-box;
  display: -webkit-flex;
  display: -ms-flexbox;
  display: flex;
  -webkit-filter: drop-shadow(2px 2px 8px rgba(0,0,0,0.8));
  filter: drop-shadow(2px 2px 8px rgba(0,0,0,0.8));
}

<div
  className="c0"
/>
`;
